Traceback (most recent call last):
  File "/Users/zazouino/CascadeProjects/windsurf-project/voglansastro/scripts/indexnow_push.py", line 82, in <module>
    main()
  File "/Users/zazouino/CascadeProjects/windsurf-project/voglansastro/scripts/indexnow_push.py", line 78, in main
    push_to_indexnow(urls)
  File "/Users/zazouino/CascadeProjects/windsurf-project/voglansastro/scripts/indexnow_push.py", line 69, in push_to_indexnow
    raise RuntimeError(
RuntimeError: IndexNow error 429: {"code":"TooManyRequests","message":"We're sorry, but you have sent too many requests to us recently."}
Traceback (most recent call last):
  File "/Users/zazouino/CascadeProjects/windsurf-project/voglansastro/scripts/indexnow_push.py", line 82, in <module>
    main()
  File "/Users/zazouino/CascadeProjects/windsurf-project/voglansastro/scripts/indexnow_push.py", line 78, in main
    push_to_indexnow(urls)
  File "/Users/zazouino/CascadeProjects/windsurf-project/voglansastro/scripts/indexnow_push.py", line 69, in push_to_indexnow
    raise RuntimeError(
RuntimeError: IndexNow error 429: {"code":"TooManyRequests","message":"We're sorry, but you have sent too many requests to us recently."}
Traceback (most recent call last):
  File "/usr/local/lib/python3.11/site-packages/urllib3/connection.py", line 204, in _new_conn
    sock = connection.create_connection(
           ^^^^^^^^^^^^^^^^^^^^^^^^^^^^^
  File "/usr/local/lib/python3.11/site-packages/urllib3/util/connection.py", line 60, in create_connection
    for res in socket.getaddrinfo(host, port, family, socket.SOCK_STREAM):
               ^^^^^^^^^^^^^^^^^^^^^^^^^^^^^^^^^^^^^^^^^^^^^^^^^^^^^^^^^^
  File "/usr/local/Cellar/python@3.11/3.11.14_3/Frameworks/Python.framework/Versions/3.11/lib/python3.11/socket.py", line 974, in getaddrinfo
    for res in _socket.getaddrinfo(host, port, family, type, proto, flags):
               ^^^^^^^^^^^^^^^^^^^^^^^^^^^^^^^^^^^^^^^^^^^^^^^^^^^^^^^^^^^
socket.gaierror: [Errno 8] nodename nor servname provided, or not known

The above exception was the direct cause of the following exception:

Traceback (most recent call last):
  File "/usr/local/lib/python3.11/site-packages/urllib3/connectionpool.py", line 787, in urlopen
    response = self._make_request(
               ^^^^^^^^^^^^^^^^^^^
  File "/usr/local/lib/python3.11/site-packages/urllib3/connectionpool.py", line 488, in _make_request
    raise new_e
  File "/usr/local/lib/python3.11/site-packages/urllib3/connectionpool.py", line 464, in _make_request
    self._validate_conn(conn)
  File "/usr/local/lib/python3.11/site-packages/urllib3/connectionpool.py", line 1093, in _validate_conn
    conn.connect()
  File "/usr/local/lib/python3.11/site-packages/urllib3/connection.py", line 759, in connect
    self.sock = sock = self._new_conn()
                       ^^^^^^^^^^^^^^^^
  File "/usr/local/lib/python3.11/site-packages/urllib3/connection.py", line 211, in _new_conn
    raise NameResolutionError(self.host, self, e) from e
urllib3.exceptions.NameResolutionError: HTTPSConnection(host='api.indexnow.org', port=443): Failed to resolve 'api.indexnow.org' ([Errno 8] nodename nor servname provided, or not known)

The above exception was the direct cause of the following exception:

Traceback (most recent call last):
  File "/usr/local/lib/python3.11/site-packages/requests/adapters.py", line 644, in send
    resp = conn.urlopen(
           ^^^^^^^^^^^^^
  File "/usr/local/lib/python3.11/site-packages/urllib3/connectionpool.py", line 841, in urlopen
    retries = retries.increment(
              ^^^^^^^^^^^^^^^^^^
  File "/usr/local/lib/python3.11/site-packages/urllib3/util/retry.py", line 535, in increment
    raise MaxRetryError(_pool, url, reason) from reason  # type: ignore[arg-type]
    ^^^^^^^^^^^^^^^^^^^^^^^^^^^^^^^^^^^^^^^^^^^^^^^^^^^
urllib3.exceptions.MaxRetryError: HTTPSConnectionPool(host='api.indexnow.org', port=443): Max retries exceeded with url: /indexnow (Caused by NameResolutionError("HTTPSConnection(host='api.indexnow.org', port=443): Failed to resolve 'api.indexnow.org' ([Errno 8] nodename nor servname provided, or not known)"))

During handling of the above exception, another exception occurred:

Traceback (most recent call last):
  File "/Users/zazouino/CascadeProjects/windsurf-project/voglansastro/scripts/indexnow_push.py", line 82, in <module>
    main()
  File "/Users/zazouino/CascadeProjects/windsurf-project/voglansastro/scripts/indexnow_push.py", line 78, in main
    push_to_indexnow(urls)
  File "/Users/zazouino/CascadeProjects/windsurf-project/voglansastro/scripts/indexnow_push.py", line 67, in push_to_indexnow
    response = requests.post(INDEXNOW_ENDPOINT, json=payload, timeout=30)
               ^^^^^^^^^^^^^^^^^^^^^^^^^^^^^^^^^^^^^^^^^^^^^^^^^^^^^^^^^^
  File "/usr/local/lib/python3.11/site-packages/requests/api.py", line 115, in post
    return request("post", url, data=data, json=json, **kwargs)
           ^^^^^^^^^^^^^^^^^^^^^^^^^^^^^^^^^^^^^^^^^^^^^^^^^^^^
  File "/usr/local/lib/python3.11/site-packages/requests/api.py", line 59, in request
    return session.request(method=method, url=url, **kwargs)
           ^^^^^^^^^^^^^^^^^^^^^^^^^^^^^^^^^^^^^^^^^^^^^^^^^
  File "/usr/local/lib/python3.11/site-packages/requests/sessions.py", line 589, in request
    resp = self.send(prep, **send_kwargs)
           ^^^^^^^^^^^^^^^^^^^^^^^^^^^^^^
  File "/usr/local/lib/python3.11/site-packages/requests/sessions.py", line 703, in send
    r = adapter.send(request, **kwargs)
        ^^^^^^^^^^^^^^^^^^^^^^^^^^^^^^^
  File "/usr/local/lib/python3.11/site-packages/requests/adapters.py", line 677, in send
    raise ConnectionError(e, request=request)
requests.exceptions.ConnectionError: HTTPSConnectionPool(host='api.indexnow.org', port=443): Max retries exceeded with url: /indexnow (Caused by NameResolutionError("HTTPSConnection(host='api.indexnow.org', port=443): Failed to resolve 'api.indexnow.org' ([Errno 8] nodename nor servname provided, or not known)"))
Traceback (most recent call last):
  File "/Users/zazouino/CascadeProjects/windsurf-project/voglansastro/scripts/indexnow_push.py", line 82, in <module>
    main()
  File "/Users/zazouino/CascadeProjects/windsurf-project/voglansastro/scripts/indexnow_push.py", line 78, in main
    push_to_indexnow(urls)
  File "/Users/zazouino/CascadeProjects/windsurf-project/voglansastro/scripts/indexnow_push.py", line 69, in push_to_indexnow
    raise RuntimeError(
RuntimeError: IndexNow error 202: 
IndexNow OK: 186 URLs envoyées
IndexNow OK: 186 URLs envoyées
IndexNow OK: 186 URLs envoyées
IndexNow OK: 186 URLs envoyées
IndexNow OK: 200 URLs envoyées
IndexNow OK: 200 URLs envoyées
IndexNow OK: 200 URLs envoyées
IndexNow OK: 200 URLs envoyées
IndexNow OK: 200 URLs envoyées
IndexNow OK: 200 URLs envoyées
